// Jest Snapshot v1, https://goo.gl/fbAQLP

exports[`<Form /> should match the sanpshot 1`] = `
<Styled(styled.div)>
  <styled.div>
    <styled.div>
      <span>
        locations.csv
      </span>
      <span>
        4 rows uploaded
      </span>
    </styled.div>
    <styled.span>
      To display locations correctly, drag and drop below fields to their representative column headers.
    </styled.span>
    <Memo(sortableList)
      axis="x"
      isSorting={false}
      items={
        Array [
          "state",
          "city",
          "zip",
          "address",
          "category",
        ]
      }
      onSortEnd={[Function]}
      onSortStart={[Function]}
    />
    <styled.div>
      <styled.button
        onClick={[Function]}
      >
        Cancel
      </styled.button>
      <styled.button
        onClick={[Function]}
      >
        Accept
      </styled.button>
    </styled.div>
  </styled.div>
</Styled(styled.div)>
`;
