// Jest Snapshot v1, https://goo.gl/fbAQLP

exports[`<Form /> should match the sanpshot 1`] = `
<styled.div>
  <styled.div>
    <styled.div>
      <span>
        locations.csv - 3 rows
      </span>
    </styled.div>
    <styled.span>
      To display locations correctly, 
      <b>
        drag
      </b>
       and 
      <b>
        drop
      </b>
       below fields to their columns header equivalents. 
      <br />
      <span>
        Below you will find an example of a row in uploaded file.
      </span>
    </styled.span>
    <Memo(sortableList)
      axis="x"
      isSorting={false}
      items={
        Array [
          "state",
          "city",
          "address",
          "zip",
          "category",
        ]
      }
      onSortEnd={[Function]}
      onSortStart={[Function]}
    />
    <div>
      <styled.div>
        <styled.span
          key="Poland"
        >
          Poland
        </styled.span>
        <styled.span
          key="Wroclaw"
        >
          Wroclaw
        </styled.span>
        <styled.span
          key="Igielna 19"
        >
          Igielna 19
        </styled.span>
        <styled.span
          key="321"
        >
          321
        </styled.span>
        <styled.span
          key="Opera"
        >
          Opera
        </styled.span>
      </styled.div>
    </div>
    <styled.div>
      <styled.button
        onClick={[Function]}
      >
        Cancel
      </styled.button>
      <styled.button
        onClick={[Function]}
      >
        Accept
      </styled.button>
    </styled.div>
  </styled.div>
</styled.div>
`;
